2025-12-04 05:01:53 - === INICIO DE LOGIN ===
2025-12-04 05:01:53 - Intentando login con ID: G25100101
2025-12-04 05:01:53 - Conexión a BD establecida
2025-12-04 05:01:53 - Verificando bloqueo para fecha: 2025-12-04
2025-12-04 05:01:53 - Tabla bloqueos_sesion existe, verificando...
2025-12-04 05:01:53 - Resultado bloqueo: {"bloqueado":1,"fechaBloqueo":"2025-12-04","activo":1}
2025-12-04 05:01:53 - ⛔ DÍA BLOQUEADO - Login rechazado
2025-12-04 05:02:04 - === INICIO DE LOGIN ===
2025-12-04 05:02:04 - Intentando login con ID: V25100202
2025-12-04 05:02:04 - Conexión a BD establecida
2025-12-04 05:02:04 - Verificando bloqueo para fecha: 2025-12-04
2025-12-04 05:02:04 - Tabla bloqueos_sesion existe, verificando...
2025-12-04 05:02:04 - Resultado bloqueo: {"bloqueado":1,"fechaBloqueo":"2025-12-04","activo":1}
2025-12-04 05:02:04 - ⛔ DÍA BLOQUEADO - Login rechazado
2025-12-04 05:02:13 - === INICIO DE LOGIN ===
2025-12-04 05:02:13 - Intentando login con ID: A25100303
2025-12-04 05:02:13 - Conexión a BD establecida
2025-12-04 05:02:13 - Verificando bloqueo para fecha: 2025-12-04
2025-12-04 05:02:13 - Tabla bloqueos_sesion existe, verificando...
2025-12-04 05:02:13 - Resultado bloqueo: {"bloqueado":1,"fechaBloqueo":"2025-12-04","activo":1}
2025-12-04 05:02:13 - ⛔ DÍA BLOQUEADO - Login rechazado
2025-12-04 05:02:43 - === INICIO DE LOGIN ===
2025-12-04 05:02:43 - Intentando login con ID: A25100303
2025-12-04 05:02:43 - Conexión a BD establecida
2025-12-04 05:02:43 - Verificando bloqueo para fecha: 2025-12-04
2025-12-04 05:02:43 - Tabla bloqueos_sesion existe, verificando...
2025-12-04 05:02:43 - Resultado bloqueo: {"bloqueado":1,"fechaBloqueo":"2025-12-04","activo":1}
2025-12-04 05:02:43 - ⛔ DÍA BLOQUEADO - Login rechazado
2025-12-04 05:04:04 - === INICIO DE LOGIN ===
2025-12-04 05:04:04 - Intentando login con ID: G25100101
2025-12-04 05:04:04 - Conexión a BD establecida
2025-12-04 05:04:04 - Verificando bloqueo para fecha: 2025-12-04
2025-12-04 05:04:04 - Tabla bloqueos_sesion existe, verificando...
2025-12-04 05:04:04 - Resultado bloqueo: {"bloqueado":0,"fechaBloqueo":null,"activo":null}
2025-12-04 05:04:04 - ✅ Día NO bloqueado, continuando...
2025-12-04 05:04:04 - Usuario encontrado: Carlos
2025-12-04 05:04:04 - ✅ Contraseña correcta
2025-12-04 05:04:04 - ✅ LOGIN EXITOSO - Usuario: Carlos - Puesto: Gerente
2025-12-04 05:04:57 - === INICIO DE LOGIN ===
2025-12-04 05:04:57 - Intentando login con ID: A25100303
2025-12-04 05:04:57 - Conexión a BD establecida
2025-12-04 05:04:57 - Verificando bloqueo para fecha: 2025-12-04
2025-12-04 05:04:57 - Tabla bloqueos_sesion existe, verificando...
2025-12-04 05:04:57 - Resultado bloqueo: {"bloqueado":0,"fechaBloqueo":null,"activo":null}
2025-12-04 05:04:57 - ✅ Día NO bloqueado, continuando...
2025-12-04 05:04:57 - Usuario encontrado: José
2025-12-04 05:04:57 - ✅ Contraseña correcta
2025-12-04 05:04:57 - ✅ LOGIN EXITOSO - Usuario: José - Puesto: Almacén
2025-12-04 05:05:22 - === INICIO DE LOGIN ===
2025-12-04 05:05:22 - Intentando login con ID: V25100202
2025-12-04 05:05:22 - Conexión a BD establecida
2025-12-04 05:05:22 - Verificando bloqueo para fecha: 2025-12-04
2025-12-04 05:05:22 - Tabla bloqueos_sesion existe, verificando...
2025-12-04 05:05:22 - Resultado bloqueo: {"bloqueado":0,"fechaBloqueo":null,"activo":null}
2025-12-04 05:05:22 - ✅ Día NO bloqueado, continuando...
2025-12-04 05:05:22 - Usuario encontrado: María
2025-12-04 05:05:22 - ✅ Contraseña correcta
2025-12-04 05:05:22 - ✅ LOGIN EXITOSO - Usuario: María - Puesto: Venta
2025-12-04 05:06:33 - === INICIO DE LOGIN ===
2025-12-04 05:06:33 - Intentando login con ID: G25100101
2025-12-04 05:06:33 - Conexión a BD establecida
2025-12-04 05:06:33 - Verificando bloqueo para fecha: 2025-12-04
2025-12-04 05:06:33 - Tabla bloqueos_sesion existe, verificando...
2025-12-04 05:06:33 - Resultado bloqueo: {"bloqueado":0,"fechaBloqueo":null,"activo":null}
2025-12-04 05:06:33 - ✅ Día NO bloqueado, continuando...
2025-12-04 05:06:33 - Usuario encontrado: Carlos
2025-12-04 05:06:33 - ✅ Contraseña correcta
2025-12-04 05:06:33 - ✅ LOGIN EXITOSO - Usuario: Carlos - Puesto: Gerente
2025-12-04 05:07:50 - === INICIO DE LOGIN ===
2025-12-04 05:07:50 - Intentando login con ID: A25100303
2025-12-04 05:07:50 - Conexión a BD establecida
2025-12-04 05:07:50 - Verificando bloqueo para fecha: 2025-12-04
2025-12-04 05:07:50 - Tabla bloqueos_sesion existe, verificando...
2025-12-04 05:07:50 - Resultado bloqueo: {"bloqueado":0,"fechaBloqueo":null,"activo":null}
2025-12-04 05:07:50 - ✅ Día NO bloqueado, continuando...
2025-12-04 05:07:50 - Usuario encontrado: José
2025-12-04 05:07:50 - ✅ Contraseña correcta
2025-12-04 05:07:50 - ✅ LOGIN EXITOSO - Usuario: José - Puesto: Almacén
2025-12-04 16:05:50 - === INICIO DE LOGIN ===
2025-12-04 16:05:50 - ERROR: Datos de entrada inválidos
2025-12-04 16:05:50 - === INICIO DE LOGIN ===
2025-12-04 16:05:50 - ERROR: Datos de entrada inválidos
2025-12-04 16:05:52 - === INICIO DE LOGIN ===
2025-12-04 16:05:52 - Intentando login con ID: G25100101
2025-12-04 16:05:52 - Conexión a BD establecida
2025-12-04 16:05:52 - Verificando bloqueo para fecha: 2025-12-04
2025-12-04 16:05:52 - Tabla bloqueos_sesion existe, verificando...
2025-12-04 16:05:52 - Resultado bloqueo: {"bloqueado":0,"fechaBloqueo":null,"activo":null}
2025-12-04 16:05:52 - ✅ Día NO bloqueado, continuando...
2025-12-04 16:05:52 - Usuario encontrado: Carlos
2025-12-04 16:05:53 - ✅ Contraseña correcta
2025-12-04 16:05:53 - ✅ LOGIN EXITOSO - Usuario: Carlos - Puesto: Gerente
2025-12-04 16:06:12 - === INICIO DE LOGIN ===
2025-12-04 16:06:12 - Intentando login con ID: A25100303
2025-12-04 16:06:12 - Conexión a BD establecida
2025-12-04 16:06:12 - Verificando bloqueo para fecha: 2025-12-04
2025-12-04 16:06:12 - Tabla bloqueos_sesion existe, verificando...
2025-12-04 16:06:12 - Resultado bloqueo: {"bloqueado":0,"fechaBloqueo":null,"activo":null}
2025-12-04 16:06:12 - ✅ Día NO bloqueado, continuando...
2025-12-04 16:06:12 - Usuario encontrado: José
2025-12-04 16:06:12 - ✅ Contraseña correcta
2025-12-04 16:06:12 - ✅ LOGIN EXITOSO - Usuario: José - Puesto: Almacén
2025-12-04 16:32:08 - === INICIO DE LOGIN ===
2025-12-04 16:32:08 - Intentando login con ID: A25100303
2025-12-04 16:32:08 - Conexión a BD establecida
2025-12-04 16:32:08 - Verificando bloqueo para fecha: 2025-12-04
2025-12-04 16:32:08 - Tabla bloqueos_sesion existe, verificando...
2025-12-04 16:32:08 - Resultado bloqueo: {"bloqueado":0,"fechaBloqueo":null,"activo":null}
2025-12-04 16:32:08 - ✅ Día NO bloqueado, continuando...
2025-12-04 16:32:08 - Usuario encontrado: José
2025-12-04 16:32:09 - ✅ Contraseña correcta
2025-12-04 16:32:09 - ✅ LOGIN EXITOSO - Usuario: José - Puesto: Almacén
2025-12-04 16:34:56 - === INICIO DE LOGIN ===
2025-12-04 16:34:56 - Intentando login con ID: V25100202
2025-12-04 16:34:56 - Conexión a BD establecida
2025-12-04 16:34:56 - Verificando bloqueo para fecha: 2025-12-04
2025-12-04 16:34:56 - Tabla bloqueos_sesion existe, verificando...
2025-12-04 16:34:56 - Resultado bloqueo: {"bloqueado":0,"fechaBloqueo":null,"activo":null}
2025-12-04 16:34:56 - ✅ Día NO bloqueado, continuando...
2025-12-04 16:34:56 - Usuario encontrado: María
2025-12-04 16:34:56 - ✅ Contraseña correcta
2025-12-04 16:34:56 - ✅ LOGIN EXITOSO - Usuario: María - Puesto: Venta
2025-12-08 00:21:51 - === INICIO DE LOGIN ===
2025-12-08 00:21:51 - ERROR: Datos de entrada inválidos
2025-12-08 00:33:19 - === INICIO DE LOGIN ===
2025-12-08 00:33:19 - Intentando login con ID: G25100101
2025-12-08 00:33:19 - Conexión a BD establecida
2025-12-08 00:33:19 - Verificando bloqueo para fecha: 2025-12-08
2025-12-08 00:33:19 - Tabla bloqueos_sesion existe, verificando...
2025-12-08 00:33:23 - ⚠️ Error al verificar bloqueo: SQLSTATE[HY000]: General error: 2006 MySQL server has gone away
2025-12-08 00:33:23 - ERROR PDO: SQLSTATE[HY000]: General error: 2006 MySQL server has gone away
2025-12-08 00:33:31 - === INICIO DE LOGIN ===
2025-12-08 00:33:31 - Intentando login con ID: G25100101
2025-12-08 00:33:32 - Conexión a BD establecida
2025-12-08 00:33:32 - Verificando bloqueo para fecha: 2025-12-08
2025-12-08 00:33:32 - Tabla bloqueos_sesion existe, verificando...
2025-12-08 00:33:32 - ⚠️ Error al verificar bloqueo: SQLSTATE[HY000]: General error: 2006 MySQL server has gone away
2025-12-08 00:33:32 - ERROR PDO: SQLSTATE[HY000]: General error: 2006 MySQL server has gone away
2025-12-08 00:52:05 - === INICIO DE LOGIN ===
2025-12-08 00:52:05 - Intentando login con ID: G25100101
2025-12-08 00:52:05 - Conexión a BD establecida
2025-12-08 00:52:05 - Verificando bloqueo para fecha: 2025-12-08
2025-12-08 00:52:05 - Tabla bloqueos_sesion existe, verificando...
2025-12-08 00:52:05 - ⚠️ Error al verificar bloqueo: SQLSTATE[42S02]: Base table or view not found: 1932 Table 'chabelitadb.bloqueos_sesion' doesn't exist in engine
2025-12-08 00:52:05 - ERROR PDO: SQLSTATE[42S02]: Base table or view not found: 1932 Table 'chabelitadb.credenciales' doesn't exist in engine
2025-12-08 00:52:15 - === INICIO DE LOGIN ===
2025-12-08 00:52:15 - Intentando login con ID: G25100101
2025-12-08 00:52:15 - Conexión a BD establecida
2025-12-08 00:52:15 - Verificando bloqueo para fecha: 2025-12-08
2025-12-08 00:52:15 - Tabla bloqueos_sesion existe, verificando...
2025-12-08 00:52:15 - ⚠️ Error al verificar bloqueo: SQLSTATE[42S02]: Base table or view not found: 1932 Table 'chabelitadb.bloqueos_sesion' doesn't exist in engine
2025-12-08 00:52:15 - ERROR PDO: SQLSTATE[42S02]: Base table or view not found: 1932 Table 'chabelitadb.credenciales' doesn't exist in engine
2025-12-08 00:52:57 - === INICIO DE LOGIN ===
2025-12-08 00:52:57 - Intentando login con ID: G25100101
2025-12-08 00:52:57 - Conexión a BD establecida
2025-12-08 00:52:57 - Verificando bloqueo para fecha: 2025-12-08
2025-12-08 00:52:57 - Tabla bloqueos_sesion existe, verificando...
2025-12-08 00:52:57 - ⚠️ Error al verificar bloqueo: SQLSTATE[42S02]: Base table or view not found: 1932 Table 'chabelitadb.bloqueos_sesion' doesn't exist in engine
2025-12-08 00:52:57 - ERROR PDO: SQLSTATE[42S02]: Base table or view not found: 1932 Table 'chabelitadb.credenciales' doesn't exist in engine
2025-12-08 00:59:30 - === INICIO DE LOGIN ===
2025-12-08 00:59:30 - Intentando login con ID: G25100101
2025-12-08 00:59:30 - Conexión a BD establecida
2025-12-08 00:59:30 - Verificando bloqueo para fecha: 2025-12-08
2025-12-08 00:59:30 - Tabla bloqueos_sesion existe, verificando...
2025-12-08 00:59:30 - ⚠️ Error al verificar bloqueo: SQLSTATE[42S02]: Base table or view not found: 1932 Table 'chabelitadb.bloqueos_sesion' doesn't exist in engine
2025-12-08 00:59:30 - ERROR PDO: SQLSTATE[42S02]: Base table or view not found: 1932 Table 'chabelitadb.credenciales' doesn't exist in engine
2025-12-08 01:11:18 - === INICIO DE LOGIN ===
2025-12-08 01:11:18 - Intentando login con ID: G25100101
2025-12-08 01:11:18 - Conexión a BD establecida
2025-12-08 01:11:18 - Verificando bloqueo para fecha: 2025-12-08
2025-12-08 01:11:18 - ⚠️ Tabla bloqueos_sesion NO existe, continuando sin validación
2025-12-08 01:11:18 - Usuario encontrado: Carlos
2025-12-08 01:11:18 - ERROR: Contraseña incorrecta
2025-12-08 01:11:34 - === INICIO DE LOGIN ===
2025-12-08 01:11:34 - Intentando login con ID: G25100101
2025-12-08 01:11:34 - Conexión a BD establecida
2025-12-08 01:11:34 - Verificando bloqueo para fecha: 2025-12-08
2025-12-08 01:11:34 - ⚠️ Tabla bloqueos_sesion NO existe, continuando sin validación
2025-12-08 01:11:34 - Usuario encontrado: Carlos
2025-12-08 01:11:35 - ✅ Contraseña correcta
2025-12-08 01:11:35 - ✅ LOGIN EXITOSO - Usuario: Carlos - Puesto: Gerente
